---
source: tests/wasm_module_size.rs
expression: formatted
---
[anchored]
greedy                                 = 4655
greedy-earliest                        = 4655
no-match-at-start                      = 5751
no-match-at-start-bounds               = 5751
no-match-at-start-reverse-inner        = 5990
no-match-at-start-reverse-inner-bounds = 5990
nongreedy                              = 4655
nongreedy-all                          = 4655

[bytes]
case-class-ascii        = 3987
case-class-simple-ascii = 3987
case-class-unicode      = 4712
case-one-ascii          = 3794
case-one-unicode        = 3794
dotstar-prefix-ascii    = 3582
dotstar-prefix-unicode  = 3582
mixed-dot               = 7123
negate-ascii            = 3794
negate-unicode          = 5512
null-bytes              = 4383
perl-decimal-ascii      = 3772
perl-decimal-unicode    = 12470
perl-whitespace-ascii   = 3987
perl-whitespace-unicode = 6327
perl-word-ascii         = 4000
perl-word-unicode       = 142253

[crazy]
email-big                = 9345
empty1                   = 3502
empty10                  = 3955
empty11                  = 3955
empty2                   = 3502
empty3                   = 3502
empty4                   = 3700
empty5                   = 3502
empty6                   = 3700
empty7                   = 3502
empty8                   = 3955
empty9                   = 3955
float1                   = 5367
float2                   = 5367
float3                   = 5367
float4                   = 5367
greedy-many-many         = 6389
greedy-many-optional     = 6389
greedy-one-many-many     = 6176
greedy-one-many-optional = 6176
greedy-range-many        = 8578
greedy-range-min-many    = 6176
lazy-many-many           = 6389
lazy-many-optional       = 6389
lazy-one-many-many       = 6176
lazy-one-many-optional   = 6176
lazy-range-many          = 8578
lazy-range-min-many      = 6176
neg-class-ascii          = 5519
neg-class-comma          = 5512
neg-class-comma-space    = 5525
neg-class-letter         = 5519
neg-class-letter-comma   = 5519
neg-class-letter-space   = 5525
neg-class-space          = 5519
neg-class-space-comma    = 5525
nothing-empty            = 2408
nothing-something        = 2408

[crlf]
dot-no-crlf = 5519

[earliest]
is-ungreedy           = 3774
no-greedy-100         = 3774
no-greedy-200         = 4250
no-leftmost-first-100 = 4250
no-leftmost-first-200 = 4250

[empty]
100 = 3955
110 = 3955
120 = 3955
130 = 3955
200 = 3700
210 = 3700
220 = 3955
230 = 3955
240 = 3955
300 = 3955
310 = 3955
320 = 3700
330 = 3955
400 = 3582
500 = 3502
510 = 3502
520 = 3502
600 = 4390
610 = 4173

[expensive]
backtrack-blow-visited-capacity = 6452323

[flags]
1  = 4695
10 = 3774
2  = 4270
3  = 4270
4  = 5958
5  = 8378
6  = 8378
7  = 8572
8  = 3774
9  = 3774

[fowler/basic]
basic10  = 3582
basic100 = 4482
basic101 = 4482
basic102 = 4482
basic103 = 4482
basic104 = 4482
basic105 = 4244
basic111 = 5990
basic112 = 5990
basic113 = 6181
basic114 = 4058
basic115 = 4058
basic116 = 3819
basic117 = 4032
basic118 = 4032
basic119 = 3819
basic12  = 3582
basic120 = 4058
basic121 = 5990
basic122 = 5997
basic123 = 5997
basic124 = 4270
basic125 = 4270
basic126 = 4056
basic127 = 4242
basic128 = 4242
basic129 = 4353
basic130 = 4801
basic131 = 4430
basic132 = 3955
basic133 = 4872
basic134 = 4642
basic135 = 5419
basic136 = 5069
basic137 = 4888
basic138 = 5015
basic139 = 5887
basic141 = 3955
basic142 = 4428
basic143 = 4907
basic144 = 3582
basic145 = 4193
basic146 = 5987
basic147 = 5199
basic148 = 4013
basic149 = 4013
basic150 = 4882
basic151 = 4058
basic152 = 4631
basic153 = 5567
basic154 = 4879
basic155 = 5495
basic156 = 5459
basic157 = 5447
basic158 = 5438
basic159 = 5077
basic16  = 3819
basic160 = 5802
basic161 = 4455
basic166 = 7450
basic167 = 6685
basic168 = 9150
basic169 = 4296
basic17  = 3819
basic170 = 4658
basic171 = 4242
basic172 = 14355
basic173 = 14355
basic174 = 14355
basic175 = 14355
basic176 = 14355
basic177 = 14355
basic178 = 14355
basic179 = 14355
basic180 = 14355
basic181 = 14355
basic182 = 14355
basic183 = 14355
basic184 = 14355
basic185 = 14355
basic186 = 14355
basic187 = 14355
basic188 = 14355
basic189 = 5031
basic19  = 3817
basic197 = 7118
basic198 = 7118
basic199 = 7118
basic200 = 6724
basic201 = 6724
basic202 = 6724
basic203 = 6724
basic204 = 6724
basic205 = 6724
basic206 = 6078
basic207 = 6078
basic208 = 6078
basic218 = 9453
basic219 = 9455
basic220 = 4296
basic221 = 9447
basic222 = 9449
basic223 = 4290
basic24  = 15674
basic25  = 15674
basic26  = 5461
basic27  = 5367
basic28  = 3582
basic29  = 6702
basic30  = 6702
basic32  = 4822
basic33  = 5279
basic34  = 7308
basic35  = 6349
basic36  = 6760
basic37  = 5259
basic38  = 5259
basic39  = 6221
basic4   = 10348
basic40  = 6221
basic41  = 13954
basic42  = 5579
basic43  = 5579
basic44  = 4488
basic45  = 5196
basic46  = 4745
basic47  = 7077
basic48  = 21485
basic49  = 4013
basic5   = 4772
basic50  = 4013
basic51  = 6173
basic52  = 5512
basic53  = 4168
basic54  = 4168
basic55  = 6399
basic56  = 6399
basic57  = 3582
basic58  = 3774
basic59  = 3774
basic6   = 3580
basic65  = 3580
basic66  = 3580
basic67  = 5512
basic68  = 3817
basic69  = 5177
basic7   = 3819
basic70  = 4058
basic78  = 4353
basic80  = 4788
basic81  = 5524
basic82  = 6367
basic83  = 6367
basic84  = 8424
basic86  = 5887
basic87  = 14613
basic89  = 5956
basic9   = 3582
basic94  = 4058
basic95  = 4058
basic96  = 4058
basic97  = 4244
basic98  = 4482
basic99  = 4482

[fowler/nullsubexpr]
nullsubexpr10 = 4642
nullsubexpr11 = 4570
nullsubexpr12 = 4570
nullsubexpr13 = 4570
nullsubexpr14 = 4570
nullsubexpr15 = 4389
nullsubexpr16 = 4389
nullsubexpr17 = 4389
nullsubexpr18 = 4389
nullsubexpr20 = 4872
nullsubexpr21 = 4872
nullsubexpr22 = 4872
nullsubexpr23 = 4872
nullsubexpr24 = 4642
nullsubexpr25 = 4642
nullsubexpr26 = 4642
nullsubexpr27 = 4642
nullsubexpr28 = 6811
nullsubexpr29 = 6811
nullsubexpr3  = 4872
nullsubexpr30 = 6811
nullsubexpr31 = 6811
nullsubexpr32 = 4872
nullsubexpr33 = 4872
nullsubexpr34 = 4872
nullsubexpr35 = 4872
nullsubexpr36 = 4872
nullsubexpr37 = 4872
nullsubexpr38 = 4872
nullsubexpr39 = 6811
nullsubexpr4  = 4872
nullsubexpr40 = 6811
nullsubexpr41 = 6811
nullsubexpr42 = 6811
nullsubexpr43 = 6811
nullsubexpr46 = 5529
nullsubexpr5  = 4872
nullsubexpr6  = 4872
nullsubexpr64 = 5336
nullsubexpr65 = 5336
nullsubexpr66 = 5336
nullsubexpr68 = 5106
nullsubexpr69 = 5106
nullsubexpr7  = 4642
nullsubexpr70 = 5106
nullsubexpr72 = 5796
nullsubexpr73 = 5796
nullsubexpr74 = 5796
nullsubexpr8  = 4642
nullsubexpr9  = 4642

[fowler/repetition]
repetition-expensive100 = 31385
repetition-expensive102 = 30929
repetition-expensive104 = 30486
repetition-expensive106 = 30056
repetition-expensive108 = 29658
repetition-expensive110 = 29275
repetition-expensive112 = 28901
repetition-expensive114 = 28526
repetition-expensive115 = 28165
repetition-expensive127 = 6468
repetition-expensive129 = 6239
repetition-expensive130 = 7985
repetition-expensive131 = 9732
repetition-expensive132 = 11483
repetition-expensive134 = 25228
repetition-expensive136 = 24756
repetition-expensive137 = 24425
repetition-expensive138 = 24094
repetition-expensive139 = 23764
repetition-expensive141 = 6468
repetition-expensive143 = 6239
repetition-expensive149 = 6468
repetition-expensive151 = 6239
repetition-expensive153 = 7985
repetition-expensive155 = 9732
repetition-expensive156 = 11483
repetition-expensive158 = 25228
repetition-expensive160 = 24756
repetition-expensive162 = 24425
repetition-expensive164 = 24094
repetition-expensive165 = 23764
repetition-expensive167 = 6468
repetition-expensive169 = 6239
repetition-expensive90  = 7030
repetition-expensive91  = 6818
repetition-expensive92  = 9661
repetition-expensive93  = 12579
repetition-expensive94  = 15570
repetition-expensive95  = 18635
repetition-expensive96  = 21861
repetition-expensive97  = 25179
repetition-expensive98  = 28575
repetition10            = 11279
repetition11            = 19252
repetition12            = 27297
repetition14            = 11279
repetition15            = 19252
repetition16            = 27297
repetition18            = 11810
repetition20            = 11279
repetition21            = 19252
repetition22            = 27297
repetition24            = 11279
repetition25            = 19252
repetition26            = 27297
repetition28            = 11810
repetition30            = 11279
repetition31            = 19252
repetition32            = 27297
repetition34            = 11279
repetition35            = 19252
repetition36            = 27297
repetition38            = 11810
repetition40            = 11279
repetition41            = 19252
repetition42            = 27297
repetition44            = 11279
repetition46            = 19252
repetition47            = 27297
repetition50            = 11810
repetition52            = 11279
repetition53            = 19252
repetition54            = 27297
repetition56            = 11279
repetition57            = 19252
repetition59            = 27297
repetition61            = 11810
repetition63            = 11279
repetition64            = 19252
repetition65            = 27297
repetition67            = 11279
repetition68            = 19252
repetition70            = 27297
repetition73            = 11810
repetition75            = 11279
repetition76            = 19252
repetition77            = 27297
repetition79            = 11279
repetition80            = 19252
repetition81            = 27297
repetition83            = 11810

[iter]
1                            = 3582
2                            = 3582
anchored1                    = 3582
anchored2                    = 3582
anchored3                    = 3582
empty1                       = 3502
empty10                      = 3955
empty11                      = 3955
empty2                       = 3502
empty3                       = 3502
empty4                       = 3700
empty5                       = 3502
empty6                       = 3700
empty7                       = 3502
empty8                       = 3955
empty9                       = 3955
nonempty-followedby-empty    = 6837
nonempty-followedby-oneempty = 6837
nonempty-followedby-onemixed = 6837
nonempty-followedby-twomixed = 6837

[leftmost-all]
alt    = 4966
dotall = 5506
multi  = 6224

[line-terminator]
dot-changes-with-line-terminator = 5506

[misc]
ascii-literal              = 3582
ascii-literal-anchored     = 3582
ascii-literal-anchored-not = 3582
ascii-literal-not          = 3582
one-literal-edge           = 4058
suffix-100                 = 6683
suffix-200                 = 6877
suffix-300                 = 6877
suffix-400                 = 6877
suffix-500                 = 7116
suffix-600                 = 7116

[no-unicode]
anchored-iter-empty-utf8          = 3502
case1                             = 3794
case2                             = 3987
case3                             = 4712
case4                             = 3987
decimal-ascii                     = 3772
decimal-unicode                   = 12470
dotstar-prefix1                   = 3582
dotstar-prefix2                   = 3582
invalid-utf8-literal1             = 3582
iter1-bytes                       = 3357
iter1-utf8                        = 3502
iter2-bytes                       = 3357
mixed                             = 6352
negate1                           = 5512
negate2                           = 3794
null-bytes1                       = 4004
space-ascii                       = 3987
space-unicode                     = 6327
unanchored-invalid-utf8-match-100 = 3582
word-ascii                        = 4000
word-unicode                      = 142253

[overlapping]
alt-all-100                             = 4250
alt-leftmost-first-100                  = 4250
empty-000                               = 3502
empty-alt-000                           = 3955
empty-alt-010                           = 3955
greedy-dotstar-matches-everything-100   = 5887
iter1-bytes                             = 3357
iter1-incomplete-utf8                   = 3357
iter1-utf8                              = 3502
repetition-plus-all-100                 = 3774
repetition-plus-all-110                 = 4250
repetition-plus-all-200                 = 4655
repetition-plus-leftmost-first-100      = 3774
repetition-plus-leftmost-first-110      = 4250
repetition-plus-leftmost-first-200      = 4655
repetition-star-all-100                 = 3955
repetition-star-all-200                 = 4836
repetition-star-leftmost-first-100      = 3955
repetition-star-leftmost-first-200      = 4836
scratch                                 = 6463
ungreedy-dotstar-matches-everything-100 = 5887

[regression]
aho-corasick-100                         = 5917
ascii-word-underscore                    = 3807
captures-repeat                          = 5177
captures-wrong-order                     = 3962
empty-flag-expr                          = 3502
empty-group-with-unicode                 = 4292
flags-are-unset                          = 5621
fowler-basic154-unanchored               = 4879
impossible-branch                        = 6429
improper-reverse-suffix-optimization     = 8103
leftmost-first-prefix                    = 4506
literal-panic                            = 13003
lits-unambiguous-100                     = 5229
many-alternates                          = 4746
missed-match                             = 11253
negated-char-class-100                   = 5519
negated-char-class-200                   = 5519
negated-full-byte-range                  = 3345
reverse-inner-plus-shorter-than-expected = 51115
reverse-inner-short                      = 6821
reverse-suffix-100                       = 4760
reverse-suffix-200                       = 4760
unicode-case-lower-nocase-flag           = 34330
unsorted-binary-search-100               = 3994
unsorted-binary-search-200               = 3994

[set]
basic10                = 4547
basic10-leftmost-first = 4547
basic100               = 6879
basic101               = 6879
basic102               = 6879
basic120               = 3582
basic121               = 5963
basic122               = 7188
basic130               = 4787
basic20                = 4547
basic30                = 4547
basic40                = 4547
basic50                = 4547
basic60                = 5265
basic60-leftmost-first = 5265
basic61                = 5265
basic61-leftmost-first = 5265
basic70                = 7537
basic71                = 7537
caps-110               = 8688
caps-120               = 8688
caps-121               = 8688
empty10                = 4471
empty10-leftmost-first = 4471
empty11                = 4471
empty11-leftmost-first = 4471
empty20                = 4471
empty20-leftmost-first = 4471
empty21                = 4471
empty21-leftmost-first = 4471
empty22                = 4471
empty23                = 4471
empty30                = 4471
empty30-leftmost-first = 4471
empty31                = 4471
empty31-leftmost-first = 4471
empty40                = 4547
empty40-leftmost-first = 4547
nomatch10              = 4547
nomatch30              = 2408

[unicode]
class-emoji1          = 24554
class-emoji2          = 24554
class-emoji3          = 20325
class-emoji4          = 20325
class-gcb1            = 8838
class-gcb2            = 4296
class-gcb3            = 4296
class-gcb4            = 4296
class-gcb5            = 10325
class-gcb6            = 4058
class-gencat1         = 32736
class-gencat10        = 12940
class-gencat11        = 5423
class-gencat12        = 128341
class-gencat13        = 9389
class-gencat14        = 4058
class-gencat15        = 39778
class-gencat16        = 69556
class-gencat17        = 23329
class-gencat18        = 24146
class-gencat19        = 11609
class-gencat2         = 12881
class-gencat20        = 72062
class-gencat21        = 34370
class-gencat22        = 13349
class-gencat23        = 130037
class-gencat24        = 105693
class-gencat25        = 26420
class-gencat26        = 43356
class-gencat27        = 47889
class-gencat28        = 4058
class-gencat29        = 6113
class-gencat3         = 5873
class-gencat30        = 46537
class-gencat31        = 5914
class-gencat32        = 5907
class-gencat33        = 37851
class-gencat34        = 56742
class-gencat35        = 5623
class-gencat36        = 128084
class-gencat37        = 34914
class-gencat4         = 4039
class-gencat5         = 11595
class-gencat6         = 10537
class-gencat7         = 12276
class-gencat8         = 5688
class-gencat9         = 5416
class-sentence-break1 = 40984
class-sentence-break2 = 40984
class-sentence-break3 = 13883
class-sentence-break4 = 13883
class-sentence-break5 = 8532
class-word-break1     = 5624
class-word-break2     = 5624
class-word-break3     = 6328
class-word-break4     = 5660
class-word-break5     = 14862
class1                = 4700
class10               = 39977
class2                = 34370
class3                = 34569
class4                = 44362
class5                = 44362
class6                = 34569
class7                = 35113
class8                = 36091
class9                = 128548
literal1              = 4058
literal2              = 4250
literal3              = 4250
literal4              = 4032
perl1                 = 142253
perl2                 = 142253
perl3                 = 137086
perl4                 = 12470
perl5                 = 12470
perl6                 = 16287
perl7                 = 6327
perl8                 = 6327
perl9                 = 8723

[utf8]
empty-utf8no                                  = 3357
empty-utf8no-anchored                         = 3357
empty-utf8no-anchored-bounds                  = 3357
empty-utf8no-anchored-bounds-overlapping      = 3357
empty-utf8no-anchored-endbound                = 3357
empty-utf8no-anchored-endbound-overlapping    = 3357
empty-utf8no-anchored-overlapping             = 3357
empty-utf8no-anchored-startbound              = 3357
empty-utf8no-anchored-startbound-overlapping  = 3357
empty-utf8no-bounds                           = 3357
empty-utf8no-bounds-overlapping               = 3357
empty-utf8no-overlapping                      = 3357
empty-utf8no-startbound                       = 3357
empty-utf8no-startbound-overlapping           = 3357
empty-utf8yes                                 = 3502
empty-utf8yes-anchored                        = 3502
empty-utf8yes-anchored-bounds                 = 3502
empty-utf8yes-anchored-bounds-overlapping     = 3502
empty-utf8yes-anchored-endbound               = 3502
empty-utf8yes-anchored-endbound-overlapping   = 3502
empty-utf8yes-anchored-overlapping            = 3502
empty-utf8yes-anchored-startbound             = 3502
empty-utf8yes-anchored-startbound-overlapping = 3502
empty-utf8yes-bounds                          = 3502
empty-utf8yes-bounds-overlapping              = 3502
empty-utf8yes-overlapping                     = 3502
empty-utf8yes-startbound                      = 3502
empty-utf8yes-startbound-overlapping          = 3502
